Archive member included because of file (symbol)

contiki-ez.a(process.o)       obj_ez/contiki-ez-main.o (process_start)
contiki-ez.a(autostart.o)     obj_ez/contiki-ez-main.o (autostart_start)
contiki-ez.a(serial-line.o)   obj_ez/contiki-ez-main.o (serial_line_input_byte)
contiki-ez.a(etimer.o)        obj_ez/contiki-ez-main.o (etimer_process)
contiki-ez.a(rtimer.o)        obj_ez/contiki-ez-main.o (rtimer_init)
contiki-ez.a(random.o)        obj_ez/contiki-ez-main.o (random_init)
contiki-ez.a(ringbuf.o)       contiki-ez.a(serial-line.o) (ringbuf_init)
contiki-ez.a(tcpip.o)         obj_ez/contiki-ez-main.o (tcpip_process)
contiki-ez.a(msp430.o)        obj_ez/contiki-ez-main.o (msp430_cpu_init)
contiki-ez.a(leds.o)          obj_ez/contiki-ez-main.o (leds_init)
contiki-ez.a(watchdog.o)      contiki-ez.a(msp430.o) (watchdog_init)
contiki-ez.a(clock.o)         contiki-ez.a(etimer.o) (clock_time)
contiki-ez.a(leds-arch.o)     contiki-ez.a(leds.o) (leds_arch_init)
contiki-ez.a(usci.o)          obj_ez/contiki-ez-main.o (uart_init)
contiki-ez.a(rtimer-arch.o)   contiki-ez.a(rtimer.o) (rtimer_arch_init)
contiki-ez.a(timer.o)         contiki-ez.a(etimer.o) (timer_set)
contiki-ez.a(uip.o)           contiki-ez.a(tcpip.o) (uip_buf)
/opt/msp430-gcc-3.3.6/lib/gcc-lib/msp430/3.3.6/msp1/libgcc.a(__stop_progExec__.o)
                              obj_ez/contiki-ez-main.o (__stop_progExec__)
/opt/msp430-gcc-3.3.6/lib/gcc-lib/msp430/3.3.6/msp1/libgcc.a(_mulhi3.o)
                              contiki-ez.a(tcpip.o) (__mulhi3)
/opt/msp430-gcc-3.3.6/lib/gcc-lib/msp430/3.3.6/msp1/libgcc.a(_umulqihi3.o)
                              contiki-ez.a(uip.o) (__umulqihi3)
/opt/msp430-gcc-3.3.6/lib/gcc-lib/msp430/3.3.6/../../../../msp430/lib/msp1/libc.a(printf.o)
                              obj_ez/contiki-ez-main.o (printf)
/opt/msp430-gcc-3.3.6/lib/gcc-lib/msp430/3.3.6/../../../../msp430/lib/msp1/libc.a(vuprintf.o)
                              /opt/msp430-gcc-3.3.6/lib/gcc-lib/msp430/3.3.6/../../../../msp430/lib/msp1/libc.a(printf.o) (vuprintf)
/opt/msp430-gcc-3.3.6/lib/gcc-lib/msp430/3.3.6/../../../../msp430/lib/msp1/libc.a(puts.o)
                              hello-world.co (puts)
/opt/msp430-gcc-3.3.6/lib/gcc-lib/msp430/3.3.6/../../../../msp430/lib/msp1/libc.a(rand.o)
                              contiki-ez.a(random.o) (rand)
/opt/msp430-gcc-3.3.6/lib/gcc-lib/msp430/3.3.6/../../../../msp430/lib/msp1/libc.a(memchr.o)
                              /opt/msp430-gcc-3.3.6/lib/gcc-lib/msp430/3.3.6/../../../../msp430/lib/msp1/libc.a(vuprintf.o) (memchr)
/opt/msp430-gcc-3.3.6/lib/gcc-lib/msp430/3.3.6/../../../../msp430/lib/msp1/libc.a(memcpy.o)
                              contiki-ez.a(uip.o) (memcpy)
/opt/msp430-gcc-3.3.6/lib/gcc-lib/msp430/3.3.6/msp1/libgcc.a(_udivmodsi4.o)
                              /opt/msp430-gcc-3.3.6/lib/gcc-lib/msp430/3.3.6/../../../../msp430/lib/msp1/libc.a(vuprintf.o) (__udivmodsi4)

Allocating common symbols
Common symbol       size              file

uip_len             0x2               contiki-ez.a(uip.o)
uip_sappdata        0x2               contiki-ez.a(uip.o)
uip_acc32           0x4               contiki-ez.a(uip.o)
uip_flags           0x1               contiki-ez.a(uip.o)
spi_last_read       0x1               contiki-ez.a(usci.o)
uip_udp_conn        0x2               contiki-ez.a(uip.o)
cc2500_driver       0xa               obj_ez/contiki-ez-main.o
uip_appdata         0x2               contiki-ez.a(uip.o)
uip_conn            0x2               contiki-ez.a(uip.o)
tcpip_event         0x1               contiki-ez.a(tcpip.o)
uip_conns           0x80              contiki-ez.a(uip.o)
uip_listenports     0x10              contiki-ez.a(uip.o)
uip_draddr          0x4               contiki-ez.a(uip.o)
serial_line_event_message
                    0x1               contiki-ez.a(serial-line.o)
uip_netmask         0x4               contiki-ez.a(uip.o)
uip_hostaddr        0x4               contiki-ez.a(uip.o)
uip_buf             0x502             contiki-ez.a(uip.o)
uip_slen            0x2               contiki-ez.a(uip.o)
uip_udp_conns       0xa8              contiki-ez.a(uip.o)

Memory Configuration

Name             Origin             Length             Attributes
text             0x0000000000008000 0x0000000000007fe0 xr
data             0x0000000000000200 0x0000000000000400 xrw
vectors          0x000000000000ffe0 0x0000000000000020 rw
bootloader       0x0000000000000c00 0x0000000000000400 xr
infomem          0x0000000000001000 0x0000000000000100 xr
infomemnobits    0x0000000000001000 0x0000000000000100 xr
*default*        0x0000000000000000 0xffffffffffffffff

Linker script and memory map

LOAD hello-world.co
LOAD obj_ez/contiki-ez-main.o
LOAD contiki-ez.a
LOAD /opt/msp430-gcc-3.3.6/lib/gcc-lib/msp430/3.3.6/msp1/libgcc.a
LOAD /opt/msp430-gcc-3.3.6/lib/gcc-lib/msp430/3.3.6/../../../../msp430/lib/msp1/libc.a
LOAD /opt/msp430-gcc-3.3.6/lib/gcc-lib/msp430/3.3.6/msp1/libgcc.a

.hash
 *(.hash)

.dynsym
 *(.dynsym)

.dynstr
 *(.dynstr)

.gnu.version
 *(.gnu.version)

.gnu.version_d
 *(.gnu.version_d)

.gnu.version_r
 *(.gnu.version_r)

.rel.init
 *(.rel.init)

.rela.init
 *(.rela.init)

.rel.text
 *(.rel.text)
 *(.rel.text.*)
 *(.rel.gnu.linkonce.t*)

.rela.text
 *(.rela.text)
 *(.rela.text.*)
 *(.rela.gnu.linkonce.t*)

.rel.fini
 *(.rel.fini)

.rela.fini
 *(.rela.fini)

.rel.rodata
 *(.rel.rodata)
 *(.rel.rodata.*)
 *(.rel.gnu.linkonce.r*)

.rela.rodata
 *(.rela.rodata)
 *(.rela.rodata.*)
 *(.rela.gnu.linkonce.r*)

.rel.data
 *(.rel.data)
 *(.rel.data.*)
 *(.rel.gnu.linkonce.d*)

.rela.data
 *(.rela.data)
 *(.rela.data.*)
 *(.rela.gnu.linkonce.d*)

.rel.ctors
 *(.rel.ctors)

.rela.ctors
 *(.rela.ctors)

.rel.dtors
 *(.rel.dtors)

.rela.dtors
 *(.rela.dtors)

.rel.got
 *(.rel.got)

.rela.got
 *(.rela.got)

.rel.bss
 *(.rel.bss)

.rela.bss
 *(.rela.bss)

.rel.plt
 *(.rel.plt)

.rela.plt
 *(.rela.plt)

.text           0x0000000000008000     0x2b8e
                0x0000000000008000                . = ALIGN (0x2)
 *(.init)
 *(.init)
 *(.init0)
 *(.init0)
 *(.init1)
 *(.init1)
 *(.init2)
 *(.init2)
 *(.init3)
 *(.init3)
 *(.init4)
 *(.init4)
 *(.init5)
 *(.init5)
 *(.init6)
 *(.init6)
 *(.init7)
 *(.init7)
 *(.init8)
 *(.init8)
 *(.init9)
 *(.init9)
                0x0000000000008000                __ctors_start = .
 *(.ctors)
 *(.ctors)
                0x0000000000008000                __ctors_end = .
                0x0000000000008000                __dtors_start = .
 *(.dtors)
 *(.dtors)
                0x0000000000008000                __dtors_end = .
                0x0000000000008000                . = ALIGN (0x2)
 *(.text)
 .text          0x0000000000008000       0x44 hello-world.co
                0x0000000000008014                autostart_processes
 .text          0x0000000000008044      0x144 obj_ez/contiki-ez-main.o
                0x00000000000080a4                main
 .text          0x0000000000008188      0x294 contiki-ez.a(process.o)
                0x00000000000083ac                process_post
                0x000000000000839e                process_nevents
                0x0000000000008192                process_start
                0x00000000000083d6                process_post_synch
                0x00000000000083e8                process_poll
                0x0000000000008188                process_alloc_event
                0x00000000000082a0                process_exit
                0x0000000000008402                process_is_running
                0x00000000000082aa                process_init
                0x0000000000008382                process_run
 .text          0x000000000000841c       0x36 contiki-ez.a(autostart.o)
                0x0000000000008438                autostart_exit
                0x000000000000841c                autostart_start
 .text          0x0000000000008452      0x114 contiki-ez.a(serial-line.o)
                0x0000000000008460                serial_line_input_byte
                0x000000000000854c                serial_line_init
 .text          0x0000000000008566      0x23e contiki-ez.a(etimer.o)
                0x0000000000008740                etimer_pending
                0x00000000000086ec                etimer_reset
                0x00000000000086da                etimer_set
                0x0000000000008710                etimer_adjust
                0x00000000000086fe                etimer_restart
                0x000000000000873c                etimer_start_time
                0x000000000000874c                etimer_next_expiration_time
                0x0000000000008696                etimer_request_poll
                0x0000000000008732                etimer_expiration_time
                0x000000000000875e                etimer_stop
                0x000000000000871c                etimer_expired
 .text          0x00000000000087a4       0x76 contiki-ez.a(rtimer.o)
                0x00000000000087f2                rtimer_run_next
                0x00000000000087aa                rtimer_set
                0x00000000000087a4                rtimer_init
 .text          0x000000000000881a        0xc contiki-ez.a(random.o)
                0x0000000000008820                random_rand
                0x000000000000881a                random_init
 .text          0x0000000000008826       0xa6 contiki-ez.a(ringbuf.o)
                0x0000000000008826                ringbuf_init
                0x00000000000088b8                ringbuf_elements
                0x000000000000883a                ringbuf_put
                0x000000000000887c                ringbuf_get
                0x00000000000088b0                ringbuf_size
 .text          0x00000000000088cc      0x3ca contiki-ez.a(tcpip.o)
                0x00000000000089ca                tcp_attach
                0x0000000000008a0c                udp_broadcast_new
                0x00000000000089da                udp_attach
                0x0000000000008bb4                tcpip_uipcall
                0x00000000000088cc                tcpip_output
                0x0000000000008994                tcp_listen
                0x0000000000008ba6                tcpip_poll_tcp
                0x0000000000008938                tcp_connect
                0x000000000000895e                tcp_unlisten
                0x0000000000008b86                tcpip_input
                0x00000000000088dc                tcpip_set_outputfunc
                0x0000000000008b98                tcpip_poll_udp
                0x00000000000089ea                udp_new
 .text          0x0000000000008c96       0xb8 contiki-ez.a(msp430.o)
                0x0000000000008d42                splhigh_
                0x0000000000008d00                msp430_cpu_init
                0x0000000000008d4a                splx_
                0x0000000000008d22                sbrk
                0x0000000000008c96                msp430_init_dco
 .text          0x0000000000008d4e       0xc4 contiki-ez.a(leds.o)
                0x0000000000008dc6                leds_toggle
                0x0000000000008d9a                leds_on
                0x0000000000008db0                leds_off
                0x0000000000008dfe                leds_red
                0x0000000000008d92                leds_get
                0x0000000000008dd6                leds_green
                0x0000000000008dcc                leds_invert
                0x0000000000008d6a                leds_blink
                0x0000000000008dea                leds_yellow
                0x0000000000008d5c                leds_init
 .text          0x0000000000008e12       0x4a contiki-ez.a(watchdog.o)
                0x0000000000008e34                watchdog_periodic
                0x0000000000008e1c                watchdog_start
                0x0000000000008e4a                watchdog_stop
                0x0000000000008e56                watchdog_reboot
                0x0000000000008e12                watchdog_init
 .text          0x0000000000008e5c      0x120 contiki-ez.a(clock.o)
                0x0000000000008f76                clock_counter
                0x0000000000008ef8                clock_fine_max
                0x0000000000008e5c                vector_fff0
                0x0000000000008f08                clock_init
                0x0000000000008f3a                clock_wait
                0x0000000000008f5c                clock_seconds
                0x0000000000008e5c                timera1
                0x0000000000008efe                clock_fine
                0x0000000000008f34                clock_delay
                0x0000000000008ee2                clock_set
                0x0000000000008f5a                clock_set_seconds
                0x0000000000008edc                clock_time
 .text          0x0000000000008f7c       0x2e contiki-ez.a(leds-arch.o)
                0x0000000000008f7c                leds_arch_init
                0x0000000000008f96                leds_arch_get
                0x0000000000008fa0                leds_arch_set
 .text          0x0000000000008faa      0x17a contiki-ez.a(usci.o)
                0x00000000000090dc                putchar
                0x0000000000009024                spi_write_single
                0x00000000000090ce                uart_writeb
                0x00000000000090ea                uart_set_input
                0x0000000000008faa                spi_init
                0x0000000000009086                spi_read_single
                0x00000000000090a8                uart_init
                0x000000000000904a                spi_read
                0x00000000000090f0                usci_irq
                0x00000000000090f0                vector_ffee
                0x0000000000008fea                spi_write
 .text          0x0000000000009124       0x36 contiki-ez.a(rtimer-arch.o)
                0x0000000000009148                rtimer_arch_init
                0x0000000000009154                rtimer_arch_schedule
                0x0000000000009124                vector_fff2
                0x0000000000009124                timera0
 .text          0x000000000000915a       0x5e contiki-ez.a(timer.o)
                0x0000000000009186                timer_expired
                0x00000000000091a4                timer_remaining
                0x000000000000915a                timer_set
                0x0000000000009176                timer_restart
                0x000000000000916e                timer_reset
 .text          0x00000000000091b8     0x116a contiki-ez.a(uip.o)
                0x0000000000009524                uip_unlisten
                0x00000000000091b8                uip_broadcast_addr
                0x00000000000091c6                uip_add32
                0x00000000000095b2                uip_process
                0x000000000000944a                uip_udp_new
                0x000000000000954e                uip_listen
                0x00000000000092ce                uip_tcpchksum
                0x0000000000009336                uip_connect
                0x000000000000a2d0                htonl
                0x00000000000091bc                uip_all_zeroes_addr
                0x000000000000927a                uip_chksum
                0x000000000000a2cc                htons
                0x00000000000092e2                uip_init
                0x00000000000091c0                uip_setipid
                0x00000000000092d8                uip_udpchksum
                0x000000000000a2e8                uip_send
 .text          0x000000000000a322        0x0 /opt/msp430-gcc-3.3.6/lib/gcc-lib/msp430/3.3.6/msp1/libgcc.a(__stop_progExec__.o)
 .text          0x000000000000a322        0x0 /opt/msp430-gcc-3.3.6/lib/gcc-lib/msp430/3.3.6/msp1/libgcc.a(_mulhi3.o)
 .text          0x000000000000a322        0x0 /opt/msp430-gcc-3.3.6/lib/gcc-lib/msp430/3.3.6/msp1/libgcc.a(_umulqihi3.o)
 .text          0x000000000000a322       0x12 /opt/msp430-gcc-3.3.6/lib/gcc-lib/msp430/3.3.6/../../../../msp430/lib/msp1/libc.a(printf.o)
                0x000000000000a322                printf
 .text          0x000000000000a334      0x66e /opt/msp430-gcc-3.3.6/lib/gcc-lib/msp430/3.3.6/../../../../msp430/lib/msp1/libc.a(vuprintf.o)
                0x000000000000a39a                vuprintf
 .text          0x000000000000a9a2       0x2e /opt/msp430-gcc-3.3.6/lib/gcc-lib/msp430/3.3.6/../../../../msp430/lib/msp1/libc.a(puts.o)
                0x000000000000a9a2                puts
 .text          0x000000000000a9d0       0x78 /opt/msp430-gcc-3.3.6/lib/gcc-lib/msp430/3.3.6/../../../../msp430/lib/msp1/libc.a(rand.o)
                0x000000000000aa16                rand_r
                0x000000000000aa34                rand
                0x000000000000aa3e                srand
 .text          0x000000000000aa48       0x24 /opt/msp430-gcc-3.3.6/lib/gcc-lib/msp430/3.3.6/../../../../msp430/lib/msp1/libc.a(memchr.o)
                0x000000000000aa48                memchr
 .text          0x000000000000aa6c       0xd2 /opt/msp430-gcc-3.3.6/lib/gcc-lib/msp430/3.3.6/../../../../msp430/lib/msp1/libc.a(memcpy.o)
                0x000000000000aa6c                memcpy
 .text          0x000000000000ab3e        0x0 /opt/msp430-gcc-3.3.6/lib/gcc-lib/msp430/3.3.6/msp1/libgcc.a(_udivmodsi4.o)
                0x000000000000ab3e                . = ALIGN (0x2)
 *(.text.*)
 .text.libgcc   0x000000000000ab3e        0x0 /opt/msp430-gcc-3.3.6/lib/gcc-lib/msp430/3.3.6/msp1/libgcc.a(__stop_progExec__.o)
 .text.libgcc   0x000000000000ab3e       0x16 /opt/msp430-gcc-3.3.6/lib/gcc-lib/msp430/3.3.6/msp1/libgcc.a(_mulhi3.o)
                0x000000000000ab3e                __mulhi3
 .text.libgcc   0x000000000000ab54        0x8 /opt/msp430-gcc-3.3.6/lib/gcc-lib/msp430/3.3.6/msp1/libgcc.a(_umulqihi3.o)
                0x000000000000ab54                __umulqihi3
 .text.libgcc   0x000000000000ab5c       0x2a /opt/msp430-gcc-3.3.6/lib/gcc-lib/msp430/3.3.6/msp1/libgcc.a(_udivmodsi4.o)
                0x000000000000ab5c                __udivmodsi4
                0x000000000000ab86                . = ALIGN (0x2)
 *(.fini9)
 .fini9         0x000000000000ab86        0x2 /opt/msp430-gcc-3.3.6/lib/gcc-lib/msp430/3.3.6/msp1/libgcc.a(__stop_progExec__.o)
                0x000000000000ab86                __stop_progExec__
 *(.fini9)
 *(.fini8)
 *(.fini8)
 *(.fini7)
 *(.fini7)
 *(.fini6)
 *(.fini6)
 *(.fini5)
 *(.fini5)
 *(.fini4)
 *(.fini4)
 *(.fini3)
 *(.fini3)
 *(.fini2)
 *(.fini2)
 *(.fini1)
 *(.fini1)
 *(.fini0)
 .fini0         0x000000000000ab88        0x6 /opt/msp430-gcc-3.3.6/lib/gcc-lib/msp430/3.3.6/msp1/libgcc.a(__stop_progExec__.o)
 *(.fini0)
 *(.fini)
 *(.fini)
                0x000000000000ab8e                _etext = .

.data           0x0000000000000200       0x2e load address 0x000000000000ab8e
                0x0000000000000200                PROVIDE (__data_start, .)
                0x0000000000000200                . = ALIGN (0x2)
 *(.data)
 .data          0x0000000000000200        0xa hello-world.co
                0x0000000000000200                hello_world_process
 .data          0x000000000000020a        0x0 obj_ez/contiki-ez-main.o
 .data          0x000000000000020a        0x0 contiki-ez.a(process.o)
 .data          0x000000000000020a        0x0 contiki-ez.a(autostart.o)
 .data          0x000000000000020a        0xa contiki-ez.a(serial-line.o)
                0x000000000000020a                serial_line_process
 .data          0x0000000000000214        0xa contiki-ez.a(etimer.o)
                0x0000000000000214                etimer_process
 .data          0x000000000000021e        0x0 contiki-ez.a(rtimer.o)
 .data          0x000000000000021e        0x0 contiki-ez.a(random.o)
 .data          0x000000000000021e        0x0 contiki-ez.a(ringbuf.o)
 .data          0x000000000000021e        0xa contiki-ez.a(tcpip.o)
                0x000000000000021e                tcpip_process
 .data          0x0000000000000228        0x2 contiki-ez.a(msp430.o)
 .data          0x000000000000022a        0x0 contiki-ez.a(leds.o)
 .data          0x000000000000022a        0x0 contiki-ez.a(watchdog.o)
 .data          0x000000000000022a        0x0 contiki-ez.a(clock.o)
 .data          0x000000000000022a        0x0 contiki-ez.a(leds-arch.o)
 .data          0x000000000000022a        0x0 contiki-ez.a(usci.o)
 .data          0x000000000000022a        0x0 contiki-ez.a(rtimer-arch.o)
 .data          0x000000000000022a        0x0 contiki-ez.a(timer.o)
 .data          0x000000000000022a        0x0 contiki-ez.a(uip.o)
 .data          0x000000000000022a        0x0 /opt/msp430-gcc-3.3.6/lib/gcc-lib/msp430/3.3.6/msp1/libgcc.a(__stop_progExec__.o)
 .data          0x000000000000022a        0x0 /opt/msp430-gcc-3.3.6/lib/gcc-lib/msp430/3.3.6/msp1/libgcc.a(_mulhi3.o)
 .data          0x000000000000022a        0x0 /opt/msp430-gcc-3.3.6/lib/gcc-lib/msp430/3.3.6/msp1/libgcc.a(_umulqihi3.o)
 .data          0x000000000000022a        0x0 /opt/msp430-gcc-3.3.6/lib/gcc-lib/msp430/3.3.6/../../../../msp430/lib/msp1/libc.a(printf.o)
 .data          0x000000000000022a        0x0 /opt/msp430-gcc-3.3.6/lib/gcc-lib/msp430/3.3.6/../../../../msp430/lib/msp1/libc.a(vuprintf.o)
 .data          0x000000000000022a        0x0 /opt/msp430-gcc-3.3.6/lib/gcc-lib/msp430/3.3.6/../../../../msp430/lib/msp1/libc.a(puts.o)
 .data          0x000000000000022a        0x4 /opt/msp430-gcc-3.3.6/lib/gcc-lib/msp430/3.3.6/../../../../msp430/lib/msp1/libc.a(rand.o)
 .data          0x000000000000022e        0x0 /opt/msp430-gcc-3.3.6/lib/gcc-lib/msp430/3.3.6/../../../../msp430/lib/msp1/libc.a(memchr.o)
 .data          0x000000000000022e        0x0 /opt/msp430-gcc-3.3.6/lib/gcc-lib/msp430/3.3.6/../../../../msp430/lib/msp1/libc.a(memcpy.o)
 .data          0x000000000000022e        0x0 /opt/msp430-gcc-3.3.6/lib/gcc-lib/msp430/3.3.6/msp1/libgcc.a(_udivmodsi4.o)
 *(SORT(.data.*))
                0x000000000000022e                . = ALIGN (0x2)
 *(.gnu.linkonce.d*)
                0x000000000000022e                . = ALIGN (0x2)
                0x000000000000022e                _edata = .
                0x000000000000ab8e                PROVIDE (__data_load_start, LOADADDR (.data))
                0x000000000000002e                PROVIDE (__data_size, SIZEOF (.data))

.bootloader     0x0000000000000c00        0x0
                0x0000000000000c00                PROVIDE (__boot_start, .)
 *(.bootloader)
                0x0000000000000c00                . = ALIGN (0x2)
 *(.bootloader.*)

.infomem        0x0000000000001000        0x0
 *(.infomem)
                0x0000000000001000                . = ALIGN (0x2)
 *(.infomem.*)

.infomemnobits  0x0000000000001000        0x0
 *(.infomemnobits)
                0x0000000000001000                . = ALIGN (0x2)
 *(.infomemnobits.*)

.bss            0x000000000000022e      0x6e8
                0x000000000000022e                PROVIDE (__bss_start, .)
 *(.bss)
 .bss           0x000000000000022e        0x0 hello-world.co
 .bss           0x000000000000022e        0x0 obj_ez/contiki-ez-main.o
 .bss           0x000000000000022e       0x18 contiki-ez.a(process.o)
                0x000000000000022e                process_list
                0x0000000000000230                process_current
 .bss           0x0000000000000246        0x0 contiki-ez.a(autostart.o)
 .bss           0x0000000000000246        0xe contiki-ez.a(serial-line.o)
 .bss           0x0000000000000254        0x4 contiki-ez.a(etimer.o)
 .bss           0x0000000000000258        0x2 contiki-ez.a(rtimer.o)
 .bss           0x000000000000025a        0x0 contiki-ez.a(random.o)
 .bss           0x000000000000025a        0x0 contiki-ez.a(ringbuf.o)
 .bss           0x000000000000025a       0x32 contiki-ez.a(tcpip.o)
 .bss           0x000000000000028c        0x0 contiki-ez.a(msp430.o)
 .bss           0x000000000000028c        0x2 contiki-ez.a(leds.o)
 .bss           0x000000000000028e        0x2 contiki-ez.a(watchdog.o)
 .bss           0x0000000000000290        0x8 contiki-ez.a(clock.o)
 .bss           0x0000000000000298        0x0 contiki-ez.a(leds-arch.o)
 .bss           0x0000000000000298        0x2 contiki-ez.a(usci.o)
                0x0000000000000298                uart_cb
 .bss           0x000000000000029a        0x0 contiki-ez.a(rtimer-arch.o)
 .bss           0x000000000000029a        0x0 contiki-ez.a(timer.o)
 .bss           0x000000000000029a       0x12 contiki-ez.a(uip.o)
                0x000000000000029a                uip_ethaddr
 .bss           0x00000000000002ac        0x0 /opt/msp430-gcc-3.3.6/lib/gcc-lib/msp430/3.3.6/msp1/libgcc.a(__stop_progExec__.o)
 .bss           0x00000000000002ac        0x0 /opt/msp430-gcc-3.3.6/lib/gcc-lib/msp430/3.3.6/msp1/libgcc.a(_mulhi3.o)
 .bss           0x00000000000002ac        0x0 /opt/msp430-gcc-3.3.6/lib/gcc-lib/msp430/3.3.6/msp1/libgcc.a(_umulqihi3.o)
 .bss           0x00000000000002ac        0x0 /opt/msp430-gcc-3.3.6/lib/gcc-lib/msp430/3.3.6/../../../../msp430/lib/msp1/libc.a(printf.o)
 .bss           0x00000000000002ac        0x4 /opt/msp430-gcc-3.3.6/lib/gcc-lib/msp430/3.3.6/../../../../msp430/lib/msp1/libc.a(vuprintf.o)
 .bss           0x00000000000002b0        0x0 /opt/msp430-gcc-3.3.6/lib/gcc-lib/msp430/3.3.6/../../../../msp430/lib/msp1/libc.a(puts.o)
 .bss           0x00000000000002b0        0x0 /opt/msp430-gcc-3.3.6/lib/gcc-lib/msp430/3.3.6/../../../../msp430/lib/msp1/libc.a(rand.o)
 .bss           0x00000000000002b0        0x0 /opt/msp430-gcc-3.3.6/lib/gcc-lib/msp430/3.3.6/../../../../msp430/lib/msp1/libc.a(memchr.o)
 .bss           0x00000000000002b0        0x0 /opt/msp430-gcc-3.3.6/lib/gcc-lib/msp430/3.3.6/../../../../msp430/lib/msp1/libc.a(memcpy.o)
 .bss           0x00000000000002b0        0x0 /opt/msp430-gcc-3.3.6/lib/gcc-lib/msp430/3.3.6/msp1/libgcc.a(_udivmodsi4.o)
 *(SORT(.bss.*))
 *(COMMON)
 COMMON         0x00000000000002b0        0xa obj_ez/contiki-ez-main.o
                0x00000000000002b0                cc2500_driver
 COMMON         0x00000000000002ba        0x1 contiki-ez.a(serial-line.o)
                0x00000000000002ba                serial_line_event_message
 COMMON         0x00000000000002bb        0x1 contiki-ez.a(tcpip.o)
                0x00000000000002bb                tcpip_event
 COMMON         0x00000000000002bc        0x1 contiki-ez.a(usci.o)
                0x00000000000002bc                spi_last_read
 *fill*         0x00000000000002bd        0x1 00
 COMMON         0x00000000000002be      0x658 contiki-ez.a(uip.o)
                0x00000000000002be                uip_len
                0x00000000000002c0                uip_sappdata
                0x00000000000002c2                uip_acc32
                0x00000000000002c6                uip_flags
                0x00000000000002c8                uip_udp_conn
                0x00000000000002ca                uip_appdata
                0x00000000000002cc                uip_conn
                0x00000000000002ce                uip_conns
                0x000000000000034e                uip_listenports
                0x000000000000035e                uip_draddr
                0x0000000000000362                uip_netmask
                0x0000000000000366                uip_hostaddr
                0x000000000000036a                uip_buf
                0x000000000000086c                uip_slen
                0x000000000000086e                uip_udp_conns
                0x0000000000000916                PROVIDE (__bss_end, .)
                0x0000000000000916                _end = .
                0x00000000000006e8                PROVIDE (__bss_size, SIZEOF (.bss))

.noinit         0x0000000000000916        0x0
                0x0000000000000916                PROVIDE (__noinit_start, .)
 *(.noinit)
 *(.noinit.*)
 *(COMMON)
                0x0000000000000916                PROVIDE (__noinit_end, .)
                0x0000000000000916                _end = .

.vectors        0x000000000000ffe0        0x0
                0x000000000000ffe0                PROVIDE (__vectors_start, .)
 *(.vectors*)
 *(.vectors*)
                0x000000000000ffe0                _vectors_end = .

.profiler
 *(.profiler)

.stab           0x0000000000000000    0x100f8
 *(.stab)
 .stab          0x0000000000000000      0xf60 hello-world.co
 .stab          0x0000000000000f60     0x1380 obj_ez/contiki-ez-main.o
                                       0x16f8 (size before relaxing)
 .stab          0x00000000000022e0      0xaf8 contiki-ez.a(process.o)
                                        0xf18 (size before relaxing)
 .stab          0x0000000000002dd8      0x300 contiki-ez.a(autostart.o)
                                        0x6f0 (size before relaxing)
 .stab          0x00000000000030d8      0xb04 contiki-ez.a(serial-line.o)
                                       0x1164 (size before relaxing)
 .stab          0x0000000000003bdc      0x984 contiki-ez.a(etimer.o)
                                        0xdec (size before relaxing)
 .stab          0x0000000000004560      0xa44 contiki-ez.a(rtimer.o)
                                       0x1014 (size before relaxing)
 .stab          0x0000000000004fa4      0x270 contiki-ez.a(random.o)
                                        0x63c (size before relaxing)
 .stab          0x0000000000005214      0x3e4 contiki-ez.a(ringbuf.o)
                                        0x7a4 (size before relaxing)
 .stab          0x00000000000055f8     0x1c20 contiki-ez.a(tcpip.o)
                                       0x2484 (size before relaxing)
 .stab          0x0000000000007218      0xaa4 contiki-ez.a(msp430.o)
                                        0xfb4 (size before relaxing)
 .stab          0x0000000000007cbc      0xb4c contiki-ez.a(leds.o)
                                       0x10c8 (size before relaxing)
 .stab          0x0000000000008808      0x870 contiki-ez.a(watchdog.o)
                                        0xa50 (size before relaxing)
 .stab          0x0000000000009078      0xc24 contiki-ez.a(clock.o)
                                       0x1230 (size before relaxing)
 .stab          0x0000000000009c9c      0x834 contiki-ez.a(leds-arch.o)
                                        0xd2c (size before relaxing)
 .stab          0x000000000000a4d0      0xcf0 contiki-ez.a(usci.o)
                                       0x123c (size before relaxing)
 .stab          0x000000000000b1c0      0x8a0 contiki-ez.a(rtimer-arch.o)
                                        0xe70 (size before relaxing)
 .stab          0x000000000000ba60      0x348 contiki-ez.a(timer.o)
                                        0x714 (size before relaxing)
 .stab          0x000000000000bda8     0x27f0 contiki-ez.a(uip.o)
                                       0x2e74 (size before relaxing)
 .stab          0x000000000000e598      0x420 /opt/msp430-gcc-3.3.6/lib/gcc-lib/msp430/3.3.6/../../../../msp430/lib/msp1/libc.a(printf.o)
                                        0x480 (size before relaxing)
 .stab          0x000000000000e9b8      0xc48 /opt/msp430-gcc-3.3.6/lib/gcc-lib/msp430/3.3.6/../../../../msp430/lib/msp1/libc.a(vuprintf.o)
                                        0xeac (size before relaxing)
 .stab          0x000000000000f600      0x234 /opt/msp430-gcc-3.3.6/lib/gcc-lib/msp430/3.3.6/../../../../msp430/lib/msp1/libc.a(puts.o)
                                        0x4a4 (size before relaxing)
 .stab          0x000000000000f834      0x300 /opt/msp430-gcc-3.3.6/lib/gcc-lib/msp430/3.3.6/../../../../msp430/lib/msp1/libc.a(rand.o)
                                        0x540 (size before relaxing)
 .stab          0x000000000000fb34      0x240 /opt/msp430-gcc-3.3.6/lib/gcc-lib/msp430/3.3.6/../../../../msp430/lib/msp1/libc.a(memchr.o)
                                        0x48c (size before relaxing)
 .stab          0x000000000000fd74      0x384 /opt/msp430-gcc-3.3.6/lib/gcc-lib/msp430/3.3.6/../../../../msp430/lib/msp1/libc.a(memcpy.o)
                                        0x5d0 (size before relaxing)

.stabstr        0x0000000000000000     0xcba2
 *(.stabstr)
 .stabstr       0x0000000000000000     0xcba2 hello-world.co

.stab.excl
 *(.stab.excl)

.stab.exclstr
 *(.stab.exclstr)

.stab.index
 *(.stab.index)

.stab.indexstr
 *(.stab.indexstr)

.comment
 *(.comment)

.debug
 *(.debug)

.line
 *(.line)

.debug_srcinfo
 *(.debug_srcinfo)

.debug_sfnames
 *(.debug_sfnames)

.debug_aranges
 *(.debug_aranges)

.debug_pubnames
 *(.debug_pubnames)

.debug_info
 *(.debug_info)
 *(.gnu.linkonce.wi.*)

.debug_abbrev
 *(.debug_abbrev)

.debug_line
 *(.debug_line)

.debug_frame
 *(.debug_frame)

.debug_str
 *(.debug_str)

.debug_loc
 *(.debug_loc)

.debug_macinfo
 *(.debug_macinfo)
                0x0000000000000600                PROVIDE (__stack, 0x600)
                0x000000000000ab8e                PROVIDE (__data_start_rom, _etext)
                0x000000000000abbc                PROVIDE (__data_end_rom, (_etext + SIZEOF (.data)))
                0x000000000000abbc                PROVIDE (__noinit_start_rom, (_etext + SIZEOF (.data)))
                0x000000000000abbc                PROVIDE (__noinit_end_rom, ((_etext + SIZEOF (.data)) + SIZEOF (.noinit)))
                0x0000000000000000                PROVIDE (__subdevice_has_heap, 0x0)
OUTPUT(hello-world.ez elf32-msp430)
